// Jest Snapshot v1, https://goo.gl/fbAQLP

exports[`Navbar spec renders the component 1`] = `undefined`;
