// Jest Snapshot v1, https://goo.gl/fbAQLP

exports[`Contact spec renders the component 1`] = `undefined`;
